#-----------------------------------------------------------
# Vivado v2017.2 (64-bit)
# SW Build 1909853 on Thu Jun 15 18:39:09 MDT 2017
# IP Build 1909766 on Thu Jun 15 19:58:00 MDT 2017
# Start of session at: Wed Nov 22 18:39:23 2017
# Process ID: 9088
# Current directory: D:/DSED_G1/P5/lab5_2_1
# Command line: vivado.exe -gui_launcher_event rodinguilauncherevent14852 D:\DSED_G1\P5\lab5_2_1\lab5_2_1.xpr
# Log file: D:/DSED_G1/P5/lab5_2_1/vivado.log
# Journal file: D:/DSED_G1/P5/lab5_2_1\vivado.jou
#-----------------------------------------------------------
start_gui
open_project D:/DSED_G1/P5/lab5_2_1/lab5_2_1.xpr
update_compile_order -fileset sources_1
launch_simulation
source lab5_2_1_tb.tcl
restart
run 1000 ns
close_sim
launch_simulation
source lab5_2_1_tb.tcl
close_sim
launch_simulation
source lab5_2_1_tb.tcl
restart
run 1000 ns
close_sim
launch_simulation
source lab5_2_1_tb.tcl
restart
run 1000 ns
close_sim
launch_simulation
source lab5_2_1_tb.tcl
restart
run 1000 ns
close_sim
launch_simulation
source lab5_2_1_tb.tcl
restart
run 1000 ns
close_sim
close_project
create_project lab5_3_1 D:/DSED_G1/P5/lab5_3_1 -part xc7a100tcsg324-1
file mkdir D:/DSED_G1/P5/lab5_3_1/lab5_3_1.srcs/sources_1/new
close [ open D:/DSED_G1/P5/lab5_3_1/lab5_3_1.srcs/sources_1/new/lab5_3_1.vhd w ]
add_files D:/DSED_G1/P5/lab5_3_1/lab5_3_1.srcs/sources_1/new/lab5_3_1.vhd
add_files -fileset constrs_1 -norecurse D:/DSED_G1/Nexys4DDR_Master.xdc
update_compile_order -fileset sources_1
set_property SOURCE_SET sources_1 [get_filesets sim_1]
add_files -fileset sim_1 -norecurse D:/DSED_G1/P5/lab5_1_1/lab5_1_1.srcs/sim_1/new/lab5_1_1_tb.vhd
update_compile_order -fileset sim_1
update_compile_order -fileset sim_1
# Disabling source management mode.  This is to allow the top design properties to be set without GUI intervention.
set_property source_mgmt_mode None [current_project]
set_property top lab5_3_1_tb [get_filesets sim_1]
# Re-enabling previously disabled source management mode.
set_property source_mgmt_mode All [current_project]
launch_simulation
launch_simulation
launch_simulation
source lab5_3_1_tb.tcl
close_sim
launch_simulation
source lab5_3_1_tb.tcl
close_sim
