#-----------------------------------------------------------
# Vivado v2017.2 (64-bit)
# SW Build 1909853 on Thu Jun 15 18:39:09 MDT 2017
# IP Build 1909766 on Thu Jun 15 19:58:00 MDT 2017
# Start of session at: Fri Dec 15 15:42:13 2017
# Process ID: 5588
# Current directory: C:/Users/Guille/Documents/Universidad/Sexto/1er Cuatri/DSED/Entrega/DSED/Entrega/Entrega
# Command line: vivado.exe -gui_launcher_event rodinguilauncherevent3204 C:\Users\Guille\Documents\Universidad\Sexto\1er Cuatri\DSED\Entrega\DSED\Entrega\Entrega\Entrega.xpr
# Log file: C:/Users/Guille/Documents/Universidad/Sexto/1er Cuatri/DSED/Entrega/DSED/Entrega/Entrega/vivado.log
# Journal file: C:/Users/Guille/Documents/Universidad/Sexto/1er Cuatri/DSED/Entrega/DSED/Entrega/Entrega\vivado.jou
#-----------------------------------------------------------
start_gui
open_project {C:/Users/Guille/Documents/Universidad/Sexto/1er Cuatri/DSED/Entrega/DSED/Entrega/Entrega/Entrega.xpr}
update_compile_order -fileset sources_1
# Disabling source management mode.  This is to allow the top design properties to be set without GUI intervention.
set_property source_mgmt_mode None [current_project]
set_property top fir_filter_tb [get_filesets sim_1]
set_property top_lib xil_defaultlib [get_filesets sim_1]
# Re-enabling previously disabled source management mode.
set_property source_mgmt_mode All [current_project]
update_compile_order -fileset sim_1
set_property SOURCE_SET sources_1 [get_filesets sim_1]
add_files -fileset sim_1 -norecurse C:/Users/Guille/Documents/fir_filter_tb_behav.wcfg
launch_simulation
open_wave_config C:/Users/Guille/Documents/fir_filter_tb_behav.wcfg
source fir_filter_tb.tcl
run 577000 us
# Disabling source management mode.  This is to allow the top design properties to be set without GUI intervention.
set_property source_mgmt_mode None [current_project]
set_property top tb_avanzado [get_filesets sim_1]
set_property top_lib xil_defaultlib [get_filesets sim_1]
# Re-enabling previously disabled source management mode.
set_property source_mgmt_mode All [current_project]
update_compile_order -fileset sim_1
launch_simulation
open_wave_config C:/Users/Guille/Documents/fir_filter_tb_behav.wcfg
source tb_avanzado.tcl
remove_files  -fileset sim_1 C:/Users/Guille/Documents/fir_filter_tb_behav.wcfg
close_sim
launch_simulation
source tb_avanzado.tcl
run 577000 us
close_sim
launch_simulation
launch_simulation
launch_simulation
source tb_avanzado.tcl
run 577000 us
update_compile_order -fileset sim_1
update_compile_order -fileset sim_1
close_sim
launch_simulation
source tb_avanzado.tcl
run 577000 us
close_sim
launch_simulation
source tb_avanzado.tcl
run 577000 us
close_sim
launch_simulation
launch_simulation
source tb_avanzado.tcl
run 577000 us
update_compile_order -fileset sources_1
update_compile_order -fileset sources_1
close_sim
launch_simulation
source tb_avanzado.tcl
run 577000 us
close_sim
close_sim
