#-----------------------------------------------------------
# Vivado v2017.2 (64-bit)
# SW Build 1909853 on Thu Jun 15 18:39:09 MDT 2017
# IP Build 1909766 on Thu Jun 15 19:58:00 MDT 2017
# Start of session at: Wed Nov 29 13:21:43 2017
# Process ID: 10168
# Current directory: C:/Users/alvar/Documents/clase/DSED/practica/DSED/Entrega/Entrega
# Command line: vivado.exe -gui_launcher_event rodinguilauncherevent8340 C:\Users\alvar\Documents\clase\DSED\practica\DSED\Entrega\Entrega\Entrega.xpr
# Log file: C:/Users/alvar/Documents/clase/DSED/practica/DSED/Entrega/Entrega/vivado.log
# Journal file: C:/Users/alvar/Documents/clase/DSED/practica/DSED/Entrega/Entrega\vivado.jou
#-----------------------------------------------------------
start_gui
open_project C:/Users/alvar/Documents/clase/DSED/practica/DSED/Entrega/Entrega/Entrega.xpr
reorder_files -before C:/Users/alvar/Documents/clase/DSED/practica/DSED/Entrega/Entrega/Entrega.srcs/sources_1/new/FSMD_microphone.vhd C:/Users/alvar/Documents/clase/DSED/practica/DSED/Entrega/Entrega/Entrega.srcs/sources_1/new/FSMD_microphone.vhd
reorder_files -before C:/Users/alvar/Documents/clase/DSED/practica/DSED/Entrega/Entrega/Entrega.srcs/sources_1/new/en_4_cycles.vhd C:/Users/alvar/Documents/clase/DSED/practica/DSED/Entrega/Entrega/Entrega.srcs/sources_1/new/package_dsed.vhd
