#-----------------------------------------------------------
# Vivado v2017.2 (64-bit)
# SW Build 1909853 on Thu Jun 15 18:39:09 MDT 2017
# IP Build 1909766 on Thu Jun 15 19:58:00 MDT 2017
# Start of session at: Wed Nov 29 11:41:33 2017
# Process ID: 3972
# Current directory: C:/Users/alvar/Documents/clase/DSED/practica/DSED/Entrega/Entrega
# Command line: vivado.exe -gui_launcher_event rodinguilauncherevent12256 C:\Users\alvar\Documents\clase\DSED\practica\DSED\Entrega\Entrega\Entrega.xpr
# Log file: C:/Users/alvar/Documents/clase/DSED/practica/DSED/Entrega/Entrega/vivado.log
# Journal file: C:/Users/alvar/Documents/clase/DSED/practica/DSED/Entrega/Entrega\vivado.jou
#-----------------------------------------------------------
start_gui
open_project C:/Users/alvar/Documents/clase/DSED/practica/DSED/Entrega/Entrega/Entrega.xpr
launch_simulation
source FSMD_microphone_pse_tb.tcl
run 1000 us
# Disabling source management mode.  This is to allow the top design properties to be set without GUI intervention.
set_property source_mgmt_mode None [current_project]
set_property top pwm_tb [get_filesets sim_1]
set_property top_lib xil_defaultlib [get_filesets sim_1]
# Re-enabling previously disabled source management mode.
set_property source_mgmt_mode DisplayOnly [current_project]
launch_simulation
source pwm_tb.tcl
close_sim
launch_simulation
source pwm_tb.tcl
run 1000 us
restart
run 1000 us
close_sim
launch_simulation
source pwm_tb.tcl
restart
run 1000 us
restart
run 1000 us
close_sim
launch_simulation
source pwm_tb.tcl
restart
run 1000 us
close_sim
launch_simulation
source pwm_tb.tcl
restart
restart
run 1000 us
restart
run 1000 us
close_sim
launch_simulation
source pwm_tb.tcl
restart
run 1000 us
restart
run 1000 us
close_sim
launch_simulation
source pwm_tb.tcl
restart
run 1000 us
close_sim
launch_simulation
source pwm_tb.tcl
restart
run 1000 us
close_sim
launch_simulation
source pwm_tb.tcl
restart
run 1000 us
close_sim
close_sim
